../Core/Inc/gpio.hpp:26:2:GPIO::GPIO(GPIO_TypeDef*, uint8_t, GPIO_Type, GPIO_Pull_Mode)	24	static
../Core/Inc/gpio.hpp:35:7:void GPIO::init()	16	static
../Core/Inc/gpio.hpp:45:7:void GPIO::set(bool)	16	static
../Core/Inc/gpio.hpp:51:7:bool GPIO::get()	16	static
../Core/Inc/stepper.hpp:35:2:Stepper::Stepper(uint16_t, TIM_TypeDef*, GPIO*, GPIO*)	24	static
../Core/Inc/stepper.hpp:42:7:void Stepper::init()	16	static
../Core/Inc/stepper.hpp:50:7:void Stepper::setPos(int32_t, Stepper_PosType)	24	static
../Core/Inc/stepper.hpp:69:7:void Stepper::setSpeed(int32_t)	16	static
../Core/Inc/stepper.hpp:92:7:void Stepper::irq_handler()	16	static
../Core/Inc/stepper.hpp:116:7:void Stepper::_enable()	16	static
../Core/Inc/stepper.hpp:120:7:void Stepper::_disable()	16	static
../Core/Inc/stepper.hpp:124:7:void Stepper::_start_step()	16	static
../Core/Inc/stepper.hpp:130:7:void Stepper::_stop_step()	16	static
../Core/Src/main.cpp:62:5:int main()	16	static
../Core/Src/main.cpp:126:6:void SystemClock_Config()	128	static
../Core/Src/main.cpp:173:13:void MX_I2C1_Init()	8	static
../Core/Src/main.cpp:218:13:void MX_SPI1_Init()	8	static
../Core/Src/main.cpp:256:13:void MX_TIM1_Init()	112	static
../Core/Src/main.cpp:343:13:void MX_TIM3_Init()	64	static
../Core/Src/main.cpp:397:13:void MX_TIM16_Init()	80	static
../Core/Src/main.cpp:457:13:void MX_TIM17_Init()	80	static
../Core/Src/main.cpp:517:13:void MX_GPIO_Init()	56	static
../Core/Src/main.cpp:572:6:void TIM16_Update_IRQ()	8	static
../Core/Src/main.cpp:582:6:void Error_Handler()	4	static,ignoring_inline_asm
../Core/Src/main.cpp:589:1:void __static_initialization_and_destruction_0(int, int)	24	static
../Core/Src/main.cpp:589:1:cpp)	8	static
