../Core/Inc/gpio.hpp:26:2:GPIO::GPIO(GPIO_TypeDef*, uint8_t, GPIO_Type, GPIO_Pull_Mode)	24	static
../Core/Inc/gpio.hpp:35:7:void GPIO::init()	16	static
../Core/Inc/gpio.hpp:45:7:void GPIO::set(bool)	16	static
../Core/Inc/stepper.hpp:30:2:Stepper::Stepper(uint16_t, TIM_TypeDef*, GPIO*, GPIO*)	24	static
../Core/Inc/stepper.hpp:35:7:void Stepper::init()	16	static
../Core/Inc/stepper.hpp:63:7:void Stepper::irq_handler()	16	static
../Core/Inc/stepper.hpp:78:7:void Stepper::_enable()	16	static
../Core/Inc/stepper.hpp:86:7:void Stepper::_start_step()	16	static
../Core/Src/main.cpp:68:5:int main()	8	static
../Core/Src/main.cpp:129:6:void SystemClock_Config()	128	static
../Core/Src/main.cpp:176:13:void MX_I2C1_Init()	8	static
../Core/Src/main.cpp:221:13:void MX_SPI1_Init()	8	static
../Core/Src/main.cpp:259:13:void MX_TIM1_Init()	112	static
../Core/Src/main.cpp:346:13:void MX_TIM3_Init()	64	static
../Core/Src/main.cpp:400:13:void MX_TIM16_Init()	80	static
../Core/Src/main.cpp:463:13:void MX_TIM17_Init()	80	static
../Core/Src/main.cpp:526:13:void MX_GPIO_Init()	56	static
../Core/Src/main.cpp:581:6:void TIM16_Update_IRQ()	8	static
../Core/Src/main.cpp:591:6:void Error_Handler()	4	static,ignoring_inline_asm
../Core/Src/main.cpp:598:1:void __static_initialization_and_destruction_0(int, int)	24	static
../Core/Src/main.cpp:598:1:cpp)	8	static
